Invalid project directory provided, no such directory: c:\Users\shiva\OneDrive\Documents\Luna\;
